Archive member included to satisfy reference by file (symbol)

c:/program files (x86)/atmel/studio/7.0/toolchain/arm/arm-gnu-toolchain/bin/../lib/gcc/arm-none-eabi/6.3.1/thumb/v6-m\libgcc.a(_thumb1_case_uqi.o)
                              hpl/wdt/hpl_wdt.o (__gnu_thumb1_case_uqi)
c:/program files (x86)/atmel/studio/7.0/toolchain/arm/arm-gnu-toolchain/bin/../lib/gcc/arm-none-eabi/6.3.1/thumb/v6-m\libgcc.a(_udivsi3.o)
                              eink.o (__aeabi_uidiv)
c:/program files (x86)/atmel/studio/7.0/toolchain/arm/arm-gnu-toolchain/bin/../lib/gcc/arm-none-eabi/6.3.1/thumb/v6-m\libgcc.a(_dvmd_tls.o)
                              c:/program files (x86)/atmel/studio/7.0/toolchain/arm/arm-gnu-toolchain/bin/../lib/gcc/arm-none-eabi/6.3.1/thumb/v6-m\libgcc.a(_udivsi3.o) (__aeabi_idiv0)
c:/program files (x86)/atmel/studio/7.0/toolchain/arm/arm-gnu-toolchain/bin/../lib/gcc/arm-none-eabi/6.3.1/thumb/v6-m\libgcc.a(_aeabi_uldivmod.o)
                              hpl/sercom/hpl_sercom.o (__aeabi_uldivmod)
c:/program files (x86)/atmel/studio/7.0/toolchain/arm/arm-gnu-toolchain/bin/../lib/gcc/arm-none-eabi/6.3.1/thumb/v6-m\libgcc.a(_muldi3.o)
                              hpl/sercom/hpl_sercom.o (__aeabi_lmul)
c:/program files (x86)/atmel/studio/7.0/toolchain/arm/arm-gnu-toolchain/bin/../lib/gcc/arm-none-eabi/6.3.1/thumb/v6-m\libgcc.a(_ffssi2.o)
                              hpl/eic/hpl_eic.o (__ffssi2)
c:/program files (x86)/atmel/studio/7.0/toolchain/arm/arm-gnu-toolchain/bin/../lib/gcc/arm-none-eabi/6.3.1/thumb/v6-m\libgcc.a(_fixunsdfsi.o)
                              hpl/sercom/hpl_sercom.o (__aeabi_d2uiz)
c:/program files (x86)/atmel/studio/7.0/toolchain/arm/arm-gnu-toolchain/bin/../lib/gcc/arm-none-eabi/6.3.1/thumb/v6-m\libgcc.a(_udivmoddi4.o)
                              c:/program files (x86)/atmel/studio/7.0/toolchain/arm/arm-gnu-toolchain/bin/../lib/gcc/arm-none-eabi/6.3.1/thumb/v6-m\libgcc.a(_aeabi_uldivmod.o) (__udivmoddi4)
c:/program files (x86)/atmel/studio/7.0/toolchain/arm/arm-gnu-toolchain/bin/../lib/gcc/arm-none-eabi/6.3.1/thumb/v6-m\libgcc.a(divdf3.o)
                              hpl/sercom/hpl_sercom.o (__aeabi_ddiv)
c:/program files (x86)/atmel/studio/7.0/toolchain/arm/arm-gnu-toolchain/bin/../lib/gcc/arm-none-eabi/6.3.1/thumb/v6-m\libgcc.a(muldf3.o)
                              hpl/sercom/hpl_sercom.o (__aeabi_dmul)
c:/program files (x86)/atmel/studio/7.0/toolchain/arm/arm-gnu-toolchain/bin/../lib/gcc/arm-none-eabi/6.3.1/thumb/v6-m\libgcc.a(subdf3.o)
                              hpl/sercom/hpl_sercom.o (__aeabi_dsub)
c:/program files (x86)/atmel/studio/7.0/toolchain/arm/arm-gnu-toolchain/bin/../lib/gcc/arm-none-eabi/6.3.1/thumb/v6-m\libgcc.a(fixdfsi.o)
                              c:/program files (x86)/atmel/studio/7.0/toolchain/arm/arm-gnu-toolchain/bin/../lib/gcc/arm-none-eabi/6.3.1/thumb/v6-m\libgcc.a(_fixunsdfsi.o) (__aeabi_d2iz)
c:/program files (x86)/atmel/studio/7.0/toolchain/arm/arm-gnu-toolchain/bin/../lib/gcc/arm-none-eabi/6.3.1/thumb/v6-m\libgcc.a(floatsidf.o)
                              hpl/sercom/hpl_sercom.o (__aeabi_i2d)
c:/program files (x86)/atmel/studio/7.0/toolchain/arm/arm-gnu-toolchain/bin/../lib/gcc/arm-none-eabi/6.3.1/thumb/v6-m\libgcc.a(floatunsidf.o)
                              hpl/sercom/hpl_sercom.o (__aeabi_ui2d)
c:/program files (x86)/atmel/studio/7.0/toolchain/arm/arm-gnu-toolchain/bin/../lib/gcc/arm-none-eabi/6.3.1/thumb/v6-m\libgcc.a(_arm_cmpdf2.o)
                              c:/program files (x86)/atmel/studio/7.0/toolchain/arm/arm-gnu-toolchain/bin/../lib/gcc/arm-none-eabi/6.3.1/thumb/v6-m\libgcc.a(_fixunsdfsi.o) (__aeabi_dcmpge)
c:/program files (x86)/atmel/studio/7.0/toolchain/arm/arm-gnu-toolchain/bin/../lib/gcc/arm-none-eabi/6.3.1/thumb/v6-m\libgcc.a(_clzsi2.o)
                              c:/program files (x86)/atmel/studio/7.0/toolchain/arm/arm-gnu-toolchain/bin/../lib/gcc/arm-none-eabi/6.3.1/thumb/v6-m\libgcc.a(divdf3.o) (__clzsi2)
c:/program files (x86)/atmel/studio/7.0/toolchain/arm/arm-gnu-toolchain/bin/../lib/gcc/arm-none-eabi/6.3.1/thumb/v6-m\libgcc.a(_clzdi2.o)
                              c:/program files (x86)/atmel/studio/7.0/toolchain/arm/arm-gnu-toolchain/bin/../lib/gcc/arm-none-eabi/6.3.1/thumb/v6-m\libgcc.a(_udivmoddi4.o) (__clzdi2)
c:/program files (x86)/atmel/studio/7.0/toolchain/arm/arm-gnu-toolchain/bin/../lib/gcc/arm-none-eabi/6.3.1/thumb/v6-m\libgcc.a(_ctzsi2.o)
                              c:/program files (x86)/atmel/studio/7.0/toolchain/arm/arm-gnu-toolchain/bin/../lib/gcc/arm-none-eabi/6.3.1/thumb/v6-m\libgcc.a(_ffssi2.o) (__ctzsi2)
c:/program files (x86)/atmel/studio/7.0/toolchain/arm/arm-gnu-toolchain/bin/../lib/gcc/arm-none-eabi/6.3.1/thumb/v6-m\libgcc.a(eqdf2.o)
                              c:/program files (x86)/atmel/studio/7.0/toolchain/arm/arm-gnu-toolchain/bin/../lib/gcc/arm-none-eabi/6.3.1/thumb/v6-m\libgcc.a(_arm_cmpdf2.o) (__eqdf2)
[...]
Memory Configuration

Name             Origin             Length             Attributes
rom              0x00000000         0x00040000         xr
ram              0x20000000         0x00008000         xrw
*default*        0x00000000         0xffffffff

Linker script and memory map

LOAD c:/program files (x86)/atmel/studio/7.0/toolchain/arm/arm-gnu-toolchain/bin/../lib/gcc/arm-none-eabi/6.3.1/thumb/v6-m/crti.o
LOAD c:/program files (x86)/atmel/studio/7.0/toolchain/arm/arm-gnu-toolchain/bin/../lib/gcc/arm-none-eabi/6.3.1/thumb/v6-m/crtbegin.o
LOAD c:/program files (x86)/atmel/studio/7.0/toolchain/arm/arm-gnu-toolchain/bin/../lib/gcc/arm-none-eabi/6.3.1/../../../../arm-none-eabi/lib/thumb/v6-m/crt0.o
LOAD atmel_start.o
LOAD Buttons.o
LOAD Device_Startup/startup_samd21.o
LOAD Device_Startup/system_samd21.o
LOAD driver_init.o
LOAD eink.o
LOAD eink_luts_and_buf.o
LOAD examples/driver_examples.o
LOAD flash.o
LOAD FlashMCU.o
LOAD hal/src/hal_adc_sync.o
LOAD hal/src/hal_atomic.o
LOAD hal/src/hal_dac_sync.o
LOAD hal/src/hal_delay.o
LOAD hal/src/hal_ext_irq.o
LOAD hal/src/hal_flash.o
LOAD hal/src/hal_gpio.o
LOAD hal/src/hal_init.o
LOAD hal/src/hal_io.o
LOAD hal/src/hal_pwm.o
LOAD hal/src/hal_sleep.o
LOAD hal/src/hal_spi_m_sync.o
LOAD hal/src/hal_timer.o
LOAD hal/src/hal_wdt.o
LOAD hal/utils/src/utils_assert.o
LOAD hal/utils/src/utils_event.o
LOAD hal/utils/src/utils_list.o
LOAD hal/utils/src/utils_syscalls.o
LOAD hpl/adc/hpl_adc.o
LOAD hpl/core/hpl_core_m0plus_base.o
LOAD hpl/core/hpl_init.o
LOAD hpl/dac/hpl_dac.o
LOAD hpl/dmac/hpl_dmac.o
LOAD hpl/eic/hpl_eic.o
LOAD hpl/gclk/hpl_gclk.o
LOAD hpl/nvmctrl/hpl_nvmctrl.o
LOAD hpl/pm/hpl_pm.o
LOAD hpl/rtc/hpl_rtc.o
LOAD hpl/sercom/hpl_sercom.o
LOAD hpl/sysctrl/hpl_sysctrl.o
LOAD hpl/systick/hpl_systick.o
LOAD hpl/tc/hpl_tc.o
LOAD hpl/wdt/hpl_wdt.o
LOAD insulin_rate.o
LOAD main.o
LOAD motor.o
LOAD rtc.o
LOAD SPI.o
START GROUP
LOAD c:/program files (x86)/atmel/studio/7.0/toolchain/arm/arm-gnu-toolchain/bin/../lib/gcc/arm-none-eabi/6.3.1/../../../../arm-none-eabi/lib/thumb/v6-m\libm.a
END GROUP
START GROUP
LOAD c:/program files (x86)/atmel/studio/7.0/toolchain/arm/arm-gnu-toolchain/bin/../lib/gcc/arm-none-eabi/6.3.1/thumb/v6-m\libgcc.a
LOAD c:/program files (x86)/atmel/studio/7.0/toolchain/arm/arm-gnu-toolchain/bin/../lib/gcc/arm-none-eabi/6.3.1/../../../../arm-none-eabi/lib/thumb/v6-m\libc_nano.a
END GROUP
START GROUP
LOAD c:/program files (x86)/atmel/studio/7.0/toolchain/arm/arm-gnu-toolchain/bin/../lib/gcc/arm-none-eabi/6.3.1/thumb/v6-m\libgcc.a
LOAD c:/program files (x86)/atmel/studio/7.0/toolchain/arm/arm-gnu-toolchain/bin/../lib/gcc/arm-none-eabi/6.3.1/../../../../arm-none-eabi/lib/thumb/v6-m\libc_nano.a
END GROUP
LOAD c:/program files (x86)/atmel/studio/7.0/toolchain/arm/arm-gnu-toolchain/bin/../lib/gcc/arm-none-eabi/6.3.1/thumb/v6-m/crtend.o
LOAD c:/program files (x86)/atmel/studio/7.0/toolchain/arm/arm-gnu-toolchain/bin/../lib/gcc/arm-none-eabi/6.3.1/thumb/v6-m/crtn.o
                0x00002000                STACK_SIZE = DEFINED (STACK_SIZE)?STACK_SIZE:DEFINED (__stack_size__)?__stack_size__:0x2000

.text           0x00000000     0x24c4
                0x00000000                . = ALIGN (0x4)
                0x00000000                _sfixed = .
 *(.vectors .vectors.*)
 .vectors       0x00000000       0xb4 Device_Startup/startup_samd21.o
                0x00000000                exception_table
 *(.text .text.* .gnu.linkonce.t.*)
 .text          0x000000b4       0x60 c:/program files (x86)/atmel/studio/7.0/toolchain/arm/arm-gnu-toolchain/bin/../lib/gcc/arm-none-eabi/6.3.1/thumb/v6-m/crtbegin.o
 .text.atmel_start_init
                0x00000114        0xc atmel_start.o
                0x00000114                atmel_start_init
 .text.button_3_cb
                0x00000120       0x1c Buttons.o
 .text.button_1_cb
                0x0000013c       0x1c Buttons.o
 .text.button_2_cb
                0x00000158       0x1c Buttons.o
 .text.TIMER_0_setup
                0x00000174       0x2c Buttons.o
                0x00000174                TIMER_0_setup
 .text.init_interrupts
                0x000001a0       0x78 Buttons.o
                0x000001a0                init_interrupts
 .text.set_leds
                0x00000218       0x86 Buttons.o
                0x00000218                set_leds
 *fill*         0x0000029e        0x2 
 .text.TIMER_0_task1_cb
                0x000002a0       0xbc Buttons.o
 .text.leds_off
                0x0000035c       0x1e Buttons.o
                0x0000035c                leds_off
 .text.Dummy_Handler
                0x0000037a        0x2 Device_Startup/startup_samd21.o
                0x0000037a                SVCall_Handler
                0x0000037a                DMAC_Handler
                0x0000037a                HardFault_Handler
                0x0000037a                AC_Handler
                0x0000037a                SysTick_Handler
                0x0000037a                PendSV_Handler
                0x0000037a                SERCOM1_Handler
                0x0000037a                ADC_Handler
                0x0000037a                NonMaskableInt_Handler
                0x0000037a                TCC1_Handler
                0x0000037a                SERCOM2_Handler
                0x0000037a                TCC0_Handler
                0x0000037a                WDT_Handler
                0x0000037a                TC4_Handler
                0x0000037a                USB_Handler
                0x0000037a                Dummy_Handler
                0x0000037a                PM_Handler
                0x0000037a                SERCOM5_Handler
                0x0000037a                TCC2_Handler
                0x0000037a                EVSYS_Handler
                0x0000037a                SERCOM3_Handler
                0x0000037a                SERCOM4_Handler
                0x0000037a                I2S_Handler
                0x0000037a                SERCOM0_Handler
                0x0000037a                DAC_Handler
                0x0000037a                PTC_Handler
                0x0000037a                TC5_Handler
                0x0000037a                SYSCTRL_Handler
 .text.Reset_Handler
                0x0000037c       0xbc Device_Startup/startup_samd21.o
                0x0000037c                Reset_Handler
 .text._gpio_set_pin_function
                0x00000438       0x70 driver_init.o
 .text.gpio_set_pin_direction
                0x000004a8       0x84 driver_init.o
 .text.ADC_0_PORT_init
                0x0000052c       0x20 driver_init.o
                0x0000052c                ADC_0_PORT_init
 .text.ADC_0_CLOCK_init
                0x0000054c       0x20 driver_init.o
                0x0000054c                ADC_0_CLOCK_init
 .text.ADC_0_init
                0x0000056c       0x2c driver_init.o
                0x0000056c                ADC_0_init
 .text.EXTERNAL_IRQ_0_init
                0x00000598       0xbc driver_init.o
                0x00000598                EXTERNAL_IRQ_0_init
 .text.FLASH_0_CLOCK_init
                0x00000654       0x10 driver_init.o
                0x00000654                FLASH_0_CLOCK_init
 .text.FLASH_0_init
                0x00000664       0x20 driver_init.o
                0x00000664                FLASH_0_init
 .text.SPI_0_PORT_init
                0x00000684       0x5c driver_init.o
                0x00000684                SPI_0_PORT_init
 .text.SPI_0_CLOCK_init
                0x000006e0       0x20 driver_init.o
                0x000006e0                SPI_0_CLOCK_init
 .text.SPI_0_init
                0x00000700       0x28 driver_init.o
                0x00000700                SPI_0_init
 .text.SPI_1_PORT_init
                0x00000728       0x60 driver_init.o
                0x00000728                SPI_1_PORT_init
 .text.SPI_1_CLOCK_init
                0x00000788       0x20 driver_init.o
                0x00000788                SPI_1_CLOCK_init
 .text.SPI_1_init
                0x000007a8       0x28 driver_init.o
                0x000007a8                SPI_1_init
 .text.delay_driver_init
                0x000007d0       0x14 driver_init.o
                0x000007d0                delay_driver_init
 .text.PWM_0_CLOCK_init
                0x000007e4       0x20 driver_init.o
                0x000007e4                PWM_0_CLOCK_init
 .text.PWM_0_init
                0x00000804       0x2c driver_init.o
                0x00000804                PWM_0_init
 .text.DAC_0_CLOCK_init
                0x00000830       0x20 driver_init.o
                0x00000830                DAC_0_CLOCK_init
 .text.DAC_0_init
                0x00000850       0x20 driver_init.o
                0x00000850                DAC_0_init
 .text.WDT_0_CLOCK_init
                0x00000870       0x20 driver_init.o
                0x00000870                WDT_0_CLOCK_init
 .text.WDT_0_init
                0x00000890       0x24 driver_init.o
                0x00000890                WDT_0_init
 .text.system_init
                0x000008b4      0x29c driver_init.o
                0x000008b4                system_init
 .text.split_to_8
                0x00000b50       0x2c FlashMCU.o
                0x00000b50                split_to_8
 .text.store_delivery_data
                0x00000b7c       0x84 FlashMCU.o
                0x00000b7c                store_delivery_data
 .text.flash_initialise
                0x00000c00       0x28 FlashMCU.o
                0x00000c00                flash_initialise
 .text.join_to_16
                0x00000c28       0x30 FlashMCU.o
                0x00000c28                join_to_16
 .text.get_delivery_data
                0x00000c58       0x80 FlashMCU.o
                0x00000c58                get_delivery_data
 .text.check_writes
                0x00000cd8       0x6c FlashMCU.o
                0x00000cd8                check_writes
 .text.adc_sync_init
                0x00000d44        0xc hal/src/hal_adc_sync.o
                0x00000d44                adc_sync_init
 .text.atomic_enter_critical
                0x00000d50        0xe hal/src/hal_atomic.o
                0x00000d50                atomic_enter_critical
 .text.atomic_leave_critical
                0x00000d5e        0xc hal/src/hal_atomic.o
                0x00000d5e                atomic_leave_critical
 *fill*         0x00000d6a        0x2 
 .text.dac_sync_init
                0x00000d6c       0x18 hal/src/hal_dac_sync.o
                0x00000d6c                dac_sync_init
 .text.delay_init
                0x00000d84       0x14 hal/src/hal_delay.o
                0x00000d84                delay_init
 .text.delay_us
                0x00000d98       0x20 hal/src/hal_delay.o
                0x00000d98                delay_us
 .text.delay_ms
                0x00000db8       0x20 hal/src/hal_delay.o
                0x00000db8                delay_ms
 .text.process_ext_irq
                0x00000dd8       0x40 hal/src/hal_ext_irq.o
 .text.ext_irq_init
                0x00000e18       0x2c hal/src/hal_ext_irq.o
                0x00000e18                ext_irq_init
 .text.ext_irq_register
                0x00000e44       0x80 hal/src/hal_ext_irq.o
                0x00000e44                ext_irq_register
 .text.ext_irq_enable
                0x00000ec4       0x10 hal/src/hal_ext_irq.o
                0x00000ec4                ext_irq_enable
 .text.ext_irq_disable
                0x00000ed4       0x10 hal/src/hal_ext_irq.o
                0x00000ed4                ext_irq_disable
 .text.flash_ready
                0x00000ee4        0xc hal/src/hal_flash.o
 .text.flash_error
                0x00000ef0        0xc hal/src/hal_flash.o
 .text.flash_init
                0x00000efc       0x24 hal/src/hal_flash.o
                0x00000efc                flash_init
 .text.flash_read
                0x00000f20       0x44 hal/src/hal_flash.o
                0x00000f20                flash_read
 .text.flash_write
                0x00000f64       0x58 hal/src/hal_flash.o
                0x00000f64                flash_write
 .text.flash_erase
                0x00000fbc       0x60 hal/src/hal_flash.o
                0x00000fbc                flash_erase
 .text.flash_get_page_size
                0x0000101c        0xc hal/src/hal_flash.o
                0x0000101c                flash_get_page_size
 .text.io_write
                0x00001028        0x8 hal/src/hal_io.o
                0x00001028                io_write
 .text.io_read  0x00001030        0x8 hal/src/hal_io.o
                0x00001030                io_read
 .text.pwm_period_expired
                0x00001038        0xc hal/src/hal_pwm.o
 .text.pwm_detect_fault
                0x00001044        0xc hal/src/hal_pwm.o
 .text.pwm_init
                0x00001050       0x20 hal/src/hal_pwm.o
                0x00001050                pwm_init
 .text.sleep    0x00001070       0x20 hal/src/hal_sleep.o
                0x00001070                sleep
 .text.spi_m_sync_init
                0x00001090       0x30 hal/src/hal_spi_m_sync.o
                0x00001090                spi_m_sync_init
 .text.spi_m_sync_enable
                0x000010c0       0x10 hal/src/hal_spi_m_sync.o
                0x000010c0                spi_m_sync_enable
 .text.spi_m_sync_set_baudrate
                0x000010d0       0x10 hal/src/hal_spi_m_sync.o
                0x000010d0                spi_m_sync_set_baudrate
 .text.spi_m_sync_set_char_size
                0x000010e0       0x10 hal/src/hal_spi_m_sync.o
                0x000010e0                spi_m_sync_set_char_size
 .text.spi_m_sync_transfer
                0x000010f0       0x20 hal/src/hal_spi_m_sync.o
                0x000010f0                spi_m_sync_transfer
 .text._spi_m_sync_io_write
                0x00001110       0x1c hal/src/hal_spi_m_sync.o
 .text._spi_m_sync_io_read
                0x0000112c       0x1c hal/src/hal_spi_m_sync.o
 .text.spi_m_sync_get_io_descriptor
                0x00001148        0x8 hal/src/hal_spi_m_sync.o
                0x00001148                spi_m_sync_get_io_descriptor
 .text.timer_add_timer_task
                0x00001150       0x58 hal/src/hal_timer.o
 .text.timer_process_counted
                0x000011a8       0x60 hal/src/hal_timer.o
 .text.timer_init
                0x00001208       0x1c hal/src/hal_timer.o
                0x00001208                timer_init
 .text.timer_start
                0x00001224       0x24 hal/src/hal_timer.o
                0x00001224                timer_start
 .text.timer_stop
                0x00001248       0x24 hal/src/hal_timer.o
                0x00001248                timer_stop
 .text.timer_add_task
                0x0000126c       0x78 hal/src/hal_timer.o
                0x0000126c                timer_add_task
 .text.is_list_element
                0x000012e4       0x10 hal/utils/src/utils_list.o
                0x000012e4                is_list_element
 .text.list_insert_as_head
                0x000012f4        0x8 hal/utils/src/utils_list.o
                0x000012f4                list_insert_as_head
 .text.list_insert_after
                0x000012fc        0x8 hal/utils/src/utils_list.o
                0x000012fc                list_insert_after
 .text.list_remove_head
                0x00001304        0xe hal/utils/src/utils_list.o
                0x00001304                list_remove_head
 .text.hri_adc_wait_for_sync
                0x00001312        0x8 hpl/adc/hpl_adc.o
 *fill*         0x0000131a        0x2 
 .text._adc_init
                0x0000131c       0xa4 hpl/adc/hpl_adc.o
 .text._adc_get_regs.isra.1
                0x000013c0        0x4 hpl/adc/hpl_adc.o
 .text._adc_sync_init
                0x000013c4       0x1c hpl/adc/hpl_adc.o
                0x000013c4                _adc_sync_init
 .text._go_to_sleep
                0x000013e0        0x8 hpl/core/hpl_core_m0plus_base.o
                0x000013e0                _go_to_sleep
 .text._get_cycles_for_us
                0x000013e8       0x14 hpl/core/hpl_core_m0plus_base.o
                0x000013e8                _get_cycles_for_us
 .text._get_cycles_for_ms
                0x000013fc        0x8 hpl/core/hpl_core_m0plus_base.o
                0x000013fc                _get_cycles_for_ms
 .text._init_chip
                0x00001404       0x30 hpl/core/hpl_init.o
                0x00001404                _init_chip
 .text.hri_dac_wait_for_sync
                0x00001434        0x8 hpl/dac/hpl_dac.o
 .text._dac_init
                0x0000143c       0x40 hpl/dac/hpl_dac.o
 .text._dac_sync_init
                0x0000147c       0x10 hpl/dac/hpl_dac.o
                0x0000147c                _dac_sync_init
 .text.hri_eic_wait_for_sync.constprop.3
                0x0000148c       0x10 hpl/eic/hpl_eic.o
 .text._ext_irq_init
                0x0000149c       0x7c hpl/eic/hpl_eic.o
                0x0000149c                _ext_irq_init
 .text._ext_irq_enable
                0x00001518       0x44 hpl/eic/hpl_eic.o
                0x00001518                _ext_irq_enable
 .text.EIC_Handler
                0x0000155c       0x94 hpl/eic/hpl_eic.o
                0x0000155c                EIC_Handler
 .text._gclk_init_generators_by_fref
                0x000015f0       0x20 hpl/gclk/hpl_gclk.o
                0x000015f0                _gclk_init_generators_by_fref
 .text._flash_program.constprop.1
                0x00001610       0x58 hpl/nvmctrl/hpl_nvmctrl.o
 .text._flash_init
                0x00001668       0x34 hpl/nvmctrl/hpl_nvmctrl.o
                0x00001668                _flash_init
 .text._flash_get_page_size
                0x0000169c        0x4 hpl/nvmctrl/hpl_nvmctrl.o
                0x0000169c                _flash_get_page_size
 .text._flash_get_total_pages
                0x000016a0        0x6 hpl/nvmctrl/hpl_nvmctrl.o
                0x000016a0                _flash_get_total_pages
 .text._flash_read
                0x000016a6       0x48 hpl/nvmctrl/hpl_nvmctrl.o
                0x000016a6                _flash_read
 *fill*         0x000016ee        0x2 
 .text._flash_write
                0x000016f0       0xd8 hpl/nvmctrl/hpl_nvmctrl.o
                0x000016f0                _flash_write
 .text._flash_erase
                0x000017c8       0xa8 hpl/nvmctrl/hpl_nvmctrl.o
                0x000017c8                _flash_erase
 .text._flash_is_locked
                0x00001870       0x16 hpl/nvmctrl/hpl_nvmctrl.o
                0x00001870                _flash_is_locked
 *fill*         0x00001886        0x2 
 .text.NVMCTRL_Handler
                0x00001888       0x30 hpl/nvmctrl/hpl_nvmctrl.o
                0x00001888                NVMCTRL_Handler
 .text._set_sleep_mode
                0x000018b8       0x34 hpl/pm/hpl_pm.o
                0x000018b8                _set_sleep_mode
 .text._pm_init
                0x000018ec       0x20 hpl/pm/hpl_pm.o
                0x000018ec                _pm_init
 .text.hri_rtc_wait_for_sync
                0x0000190c        0x8 hpl/rtc/hpl_rtc.o
 .text._timer_init
                0x00001914       0x3c hpl/rtc/hpl_rtc.o
                0x00001914                _timer_init
 .text._timer_start
                0x00001950       0x30 hpl/rtc/hpl_rtc.o
                0x00001950                _timer_start
 .text._timer_stop
                0x00001980       0x18 hpl/rtc/hpl_rtc.o
                0x00001980                _timer_stop
 .text._timer_is_started
                0x00001998       0x18 hpl/rtc/hpl_rtc.o
                0x00001998                _timer_is_started
 .text._timer_set_irq
                0x000019b0        0x2 hpl/rtc/hpl_rtc.o
                0x000019b0                _timer_set_irq
 .text._rtc_get_timer
                0x000019b2        0x4 hpl/rtc/hpl_rtc.o
                0x000019b2                _rtc_get_timer
 *fill*         0x000019b6        0x2 
 .text.RTC_Handler
                0x000019b8       0x24 hpl/rtc/hpl_rtc.o
                0x000019b8                RTC_Handler
 .text.hri_sercomspi_wait_for_sync
                0x000019dc        0x8 hpl/sercom/hpl_sercom.o
 .text._spi_sync_enable
                0x000019e4       0x28 hpl/sercom/hpl_sercom.o
 .text._spi_set_char_size
                0x00001a0c       0x3c hpl/sercom/hpl_sercom.o
 .text._spi_m_sync_init
                0x00001a48       0xb0 hpl/sercom/hpl_sercom.o
                0x00001a48                _spi_m_sync_init
 .text._spi_s_sync_enable
                0x00001af8       0x10 hpl/sercom/hpl_sercom.o
                0x00001af8                _spi_s_sync_enable
 .text._spi_m_sync_enable
                0x00001b08        0xc hpl/sercom/hpl_sercom.o
                0x00001b08                _spi_m_sync_enable
 .text._spi_m_sync_set_baudrate
                0x00001b14       0x16 hpl/sercom/hpl_sercom.o
                0x00001b14                _spi_m_sync_set_baudrate
 *fill*         0x00001b2a        0x2 
 .text._spi_s_sync_set_char_size
                0x00001b2c       0x10 hpl/sercom/hpl_sercom.o
                0x00001b2c                _spi_s_sync_set_char_size
 .text._spi_m_sync_set_char_size
                0x00001b3c        0xc hpl/sercom/hpl_sercom.o
                0x00001b3c                _spi_m_sync_set_char_size
 .text._spi_m_sync_trans
                0x00001b48       0xc0 hpl/sercom/hpl_sercom.o
                0x00001b48                _spi_m_sync_trans
 .text._sysctrl_init_sources
                0x00001c08       0x44 hpl/sysctrl/hpl_sysctrl.o
                0x00001c08                _sysctrl_init_sources
 .text._sysctrl_init_referenced_generators
                0x00001c4c       0x10 hpl/sysctrl/hpl_sysctrl.o
                0x00001c4c                _sysctrl_init_referenced_generators
 .text._delay_init
                0x00001c5c       0x14 hpl/systick/hpl_systick.o
                0x00001c5c                _delay_init
 .text._delay_cycles
                0x00001c70       0x40 hpl/systick/hpl_systick.o
                0x00001c70                _delay_cycles
 .text.get_tc_index
                0x00001cb0       0x20 hpl/tc/hpl_tc.o
 .text._pwm_init
                0x00001cd0       0xc0 hpl/tc/hpl_tc.o
                0x00001cd0                _pwm_init
 .text._tc_get_pwm
                0x00001d90        0x4 hpl/tc/hpl_tc.o
                0x00001d90                _tc_get_pwm
 .text.TC3_Handler
                0x00001d94       0x38 hpl/tc/hpl_tc.o
                0x00001d94                TC3_Handler
 .text.hri_wdt_wait_for_sync
                0x00001dcc        0x8 hpl/wdt/hpl_wdt.o
 .text._wdt_init
                0x00001dd4       0x48 hpl/wdt/hpl_wdt.o
                0x00001dd4                _wdt_init
 .text.startup.main
                0x00001e1c      0x134 main.o
                0x00001e1c                main
 .text.set_motor_direction
                0x00001f50       0x14 motor.o
                0x00001f50                set_motor_direction
 .text.step_motor
                0x00001f64       0x38 motor.o
                0x00001f64                step_motor
 .text.turn_x_steps
                0x00001f9c       0x34 motor.o
                0x00001f9c                turn_x_steps
 .text.bin2bcd  0x00001fd0       0x24 rtc.o
                0x00001fd0                bin2bcd
 .text.rtc_write_operation
                0x00001ff4       0x4c rtc.o
                0x00001ff4                rtc_write_operation
 .text.rtc_read_operation
                0x00002040       0x3c rtc.o
                0x00002040                rtc_read_operation
 .text.set_control_1_register
                0x0000207c       0x18 rtc.o
                0x0000207c                set_control_1_register
 .text.set_control_2_register
                0x00002094       0x18 rtc.o
                0x00002094                set_control_2_register
 .text.set_status_register
                0x000020ac       0x18 rtc.o
                0x000020ac                set_status_register
 .text.set_interrupt_mask_register
                0x000020c4       0x18 rtc.o
                0x000020c4                set_interrupt_mask_register
 .text.set_squarewave_register
                0x000020dc       0x18 rtc.o
                0x000020dc                set_squarewave_register
 .text.set_osc_control
                0x000020f4       0x24 rtc.o
                0x000020f4                set_osc_control
 .text.set_alarm_register
                0x00002118       0x24 rtc.o
                0x00002118                set_alarm_register
 .text.initialise_rtc
                0x0000213c       0x3c rtc.o
                0x0000213c                initialise_rtc
 .text.rtc_set_current_time
                0x00002178       0x74 rtc.o
                0x00002178                rtc_set_current_time
 .text.rtc_clear_interrupts
                0x000021ec       0x14 rtc.o
                0x000021ec                rtc_clear_interrupts
 .text.check_rtc_initialised
                0x00002200       0x18 rtc.o
                0x00002200                check_rtc_initialised
 .text.SPI_Begin
                0x00002218       0x40 SPI.o
                0x00002218                SPI_Begin
 .text          0x00002258      0x114 c:/program files (x86)/atmel/studio/7.0/toolchain/arm/arm-gnu-toolchain/bin/../lib/gcc/arm-none-eabi/6.3.1/thumb/v6-m\libgcc.a(_udivsi3.o)
                0x00002258                __aeabi_uidiv
                0x00002258                __udivsi3
                0x00002364                __aeabi_uidivmod
 .text          0x0000236c        0x4 c:/program files (x86)/atmel/studio/7.0/toolchain/arm/arm-gnu-toolchain/bin/../lib/gcc/arm-none-eabi/6.3.1/thumb/v6-m\libgcc.a(_dvmd_tls.o)
                0x0000236c                __aeabi_idiv0
                0x0000236c                __aeabi_ldiv0
 .text          0x00002370       0x14 c:/program files (x86)/atmel/studio/7.0/toolchain/arm/arm-gnu-toolchain/bin/../lib/gcc/arm-none-eabi/6.3.1/thumb/v6-m\libgcc.a(_ffssi2.o)
                0x00002370                __ffssi2
 .text          0x00002384       0x40 c:/program files (x86)/atmel/studio/7.0/toolchain/arm/arm-gnu-toolchain/bin/../lib/gcc/arm-none-eabi/6.3.1/thumb/v6-m\libgcc.a(_ctzsi2.o)
                0x00002384                __ctzsi2
 .text.__libc_init_array
                0x000023c4       0x48 c:/program files (x86)/atmel/studio/7.0/toolchain/arm/arm-gnu-toolchain/bin/../lib/gcc/arm-none-eabi/6.3.1/../../../../arm-none-eabi/lib/thumb/v6-m\libc_nano.a(lib_a-init.o)
                0x000023c4                __libc_init_array
 .text.memset   0x0000240c       0x10 c:/program files (x86)/atmel/studio/7.0/toolchain/arm/arm-gnu-toolchain/bin/../lib/gcc/arm-none-eabi/6.3.1/../../../../arm-none-eabi/lib/thumb/v6-m\libc_nano.a(lib_a-memset.o)
                0x0000240c                memset
 *(.glue_7t)
 .glue_7t       0x0000241c        0x0 linker stubs
 *(.glue_7)
 .glue_7        0x0000241c        0x0 linker stubs
 *(.rodata .rodata* .gnu.linkonce.r.*)
 .rodata        0x0000241c       0x1c hpl/adc/hpl_adc.o
 .rodata        0x00002438       0x30 hpl/eic/hpl_eic.o
 .rodata        0x00002468       0x3a hpl/sercom/hpl_sercom.o
 *(.ARM.extab* .gnu.linkonce.armextab.*)
                0x000024a4                . = ALIGN (0x4)
 *fill*         0x000024a2        0x2 
 *(.init)
 .init          0x000024a4        0x4 c:/program files (x86)/atmel/studio/7.0/toolchain/arm/arm-gnu-toolchain/bin/../lib/gcc/arm-none-eabi/6.3.1/thumb/v6-m/crti.o
                0x000024a4                _init
 .init          0x000024a8        0x8 c:/program files (x86)/atmel/studio/7.0/toolchain/arm/arm-gnu-toolchain/bin/../lib/gcc/arm-none-eabi/6.3.1/thumb/v6-m/crtn.o
                0x000024b0                . = ALIGN (0x4)
                0x000024b0                __preinit_array_start = .
 *(.preinit_array)
                0x000024b0                __preinit_array_end = .
                0x000024b0                . = ALIGN (0x4)
                0x000024b0                __init_array_start = .
 *(SORT(.init_array.*))
 *(.init_array)
 .init_array    0x000024b0        0x4 c:/program files (x86)/atmel/studio/7.0/toolchain/arm/arm-gnu-toolchain/bin/../lib/gcc/arm-none-eabi/6.3.1/thumb/v6-m/crtbegin.o
                0x000024b4                __init_array_end = .
                0x000024b4                . = ALIGN (0x4)
 *crtbegin.o(.ctors)
 *(EXCLUDE_FILE(*crtend.o) .ctors)
 *(SORT(.ctors.*))
 *crtend.o(.ctors)
                0x000024b4                . = ALIGN (0x4)
 *(.fini)
 .fini          0x000024b4        0x4 c:/program files (x86)/atmel/studio/7.0/toolchain/arm/arm-gnu-toolchain/bin/../lib/gcc/arm-none-eabi/6.3.1/thumb/v6-m/crti.o
                0x000024b4                _fini
 .fini          0x000024b8        0x8 c:/program files (x86)/atmel/studio/7.0/toolchain/arm/arm-gnu-toolchain/bin/../lib/gcc/arm-none-eabi/6.3.1/thumb/v6-m/crtn.o
                0x000024c0                . = ALIGN (0x4)
                0x000024c0                __fini_array_start = .
 *(.fini_array)
 .fini_array    0x000024c0        0x4 c:/program files (x86)/atmel/studio/7.0/toolchain/arm/arm-gnu-toolchain/bin/../lib/gcc/arm-none-eabi/6.3.1/thumb/v6-m/crtbegin.o
 *(SORT(.fini_array.*))
                0x000024c4                __fini_array_end = .
 *crtbegin.o(.dtors)
 *(EXCLUDE_FILE(*crtend.o) .dtors)
 *(SORT(.dtors.*))
 *crtend.o(.dtors)
                0x000024c4                . = ALIGN (0x4)
                0x000024c4                _efixed = .
                [!provide]                PROVIDE (__exidx_start, .)

.vfp11_veneer   0x000024c4        0x0
 .vfp11_veneer  0x000024c4        0x0 linker stubs

.v4_bx          0x000024c4        0x0
 .v4_bx         0x000024c4        0x0 linker stubs

.iplt           0x000024c4        0x0
 .iplt          0x000024c4        0x0 c:/program files (x86)/atmel/studio/7.0/toolchain/arm/arm-gnu-toolchain/bin/../lib/gcc/arm-none-eabi/6.3.1/thumb/v6-m/crtbegin.o

.eh_frame       0x000024c4        0x0
 .eh_frame      0x000024c4        0x0 c:/program files (x86)/atmel/studio/7.0/toolchain/arm/arm-gnu-toolchain/bin/../lib/gcc/arm-none-eabi/6.3.1/thumb/v6-m/crtbegin.o

.rel.dyn        0x000024c4        0x0
 .rel.iplt      0x000024c4        0x0 c:/program files (x86)/atmel/studio/7.0/toolchain/arm/arm-gnu-toolchain/bin/../lib/gcc/arm-none-eabi/6.3.1/thumb/v6-m/crtbegin.o

.jcr            0x000024c4        0x0
 .jcr           0x000024c4        0x0 c:/program files (x86)/atmel/studio/7.0/toolchain/arm/arm-gnu-toolchain/bin/../lib/gcc/arm-none-eabi/6.3.1/thumb/v6-m/crtbegin.o

.igot.plt       0x000024c4        0x0
 .igot.plt      0x000024c4        0x0 c:/program files (x86)/atmel/studio/7.0/toolchain/arm/arm-gnu-toolchain/bin/../lib/gcc/arm-none-eabi/6.3.1/thumb/v6-m/crtbegin.o

.ARM.exidx
 *(.ARM.exidx* .gnu.linkonce.armexidx.*)
                [!provide]                PROVIDE (__exidx_end, .)
                0x000024c4                . = ALIGN (0x4)
                0x000024c4                _etext = .

.relocate       0x20000000       0x18 load address 0x000024c4
                0x20000000                . = ALIGN (0x4)
                0x20000000                _srelocate = .
 *(.ramfunc .ramfunc.*)
 *(.data .data.*)
 .data          0x20000000       0x14 hpl/tc/hpl_tc.o
 .data          0x20000014        0x4 main.o
                0x20000014                basal_rate
                0x20000016                flash_address
                0x20000018                . = ALIGN (0x4)
                0x20000018                _erelocate = .

.bss            0x20000018      0x150 load address 0x000024dc
                0x20000018                . = ALIGN (0x4)
                0x20000018                _sbss = .
                0x20000018                _szero = .
 *(.bss .bss.*)
 .bss           0x20000018       0x1c c:/program files (x86)/atmel/studio/7.0/toolchain/arm/arm-gnu-toolchain/bin/../lib/gcc/arm-none-eabi/6.3.1/thumb/v6-m/crtbegin.o
 .bss           0x20000034       0x18 Buttons.o
                0x20000034                button_3
                0x20000035                button_1
                0x20000036                button_2
 .bss           0x2000004c        0x4 hal/src/hal_delay.o
 .bss           0x20000050       0x30 hal/src/hal_ext_irq.o
 .bss           0x20000080        0x4 hpl/eic/hpl_eic.o
 .bss           0x20000084        0x4 hpl/nvmctrl/hpl_nvmctrl.o
 .bss           0x20000088        0x4 hpl/rtc/hpl_rtc.o
 .bss           0x2000008c        0x4 hpl/tc/hpl_tc.o
 .bss           0x20000090        0x7 main.o
                0x20000090                button_array
                0x20000094                writes
                0x20000096                count
 *fill*         0x20000097        0x1 
 .bss           0x20000098        0x4 motor.o
                0x20000098                steps_turned
 *(COMMON)
 COMMON         0x2000009c       0x98 driver_init.o
                0x2000009c                PWM_0
                0x200000b8                FLASH_0
                0x200000d4                SPI_1
                0x200000ec                ADC_0
                0x200000f0                WDT_0
                0x200000f4                DAC_0
                0x20000100                SPI_0
                0x20000118                TIMER_0
 COMMON         0x20000134       0x33 main.o
                0x20000134                spi_io
                0x20000138                bolus_insulin_delivered
                0x20000139                date_and_time
                0x20000161                write_array
                0x20000163                address_array
                0x20000165                cycle_complete
                0x20000166                basal_insulin_delivered
                0x20000168                . = ALIGN (0x4)
 *fill*         0x20000167        0x1 
                0x20000168                _ebss = .
                0x20000168                _ezero = .

.stack          0x20000168     0x2000 load address 0x0000262c
                0x20000168                . = ALIGN (0x8)
                0x20000168                _sstack = .
                0x20002168                . = (. + STACK_SIZE)
 *fill*         0x20000168     0x2000 
                0x20002168                . = ALIGN (0x8)
                0x20002168                _estack = .
                0x20002168                . = ALIGN (0x4)
                0x20002168                _end = .
OUTPUT(MyProject2.elf elf32-littlearm)

.ARM.attributes
                0x00000000       0x28
 .ARM.attributes
                0x00000000       0x1e c:/program files (x86)/atmel/studio/7.0/toolchain/arm/arm-gnu-toolchain/bin/../lib/gcc/arm-none-eabi/6.3.1/thumb/v6-m/crti.o
 .ARM.attributes
                0x0000001e       0x2c c:/program files (x86)/atmel/studio/7.0/toolchain/arm/arm-gnu-toolchain/bin/../lib/gcc/arm-none-eabi/6.3.1/thumb/v6-m/crtbegin.o
 .ARM.attributes
                0x0000004a       0x32 atmel_start.o
 .ARM.attributes
                0x0000007c       0x32 Buttons.o
 .ARM.attributes
                0x000000ae       0x32 Device_Startup/startup_samd21.o
 .ARM.attributes
                0x000000e0       0x32 driver_init.o
 .ARM.attributes
                0x00000112       0x32 FlashMCU.o
 .ARM.attributes
                0x00000144       0x32 hal/src/hal_adc_sync.o
 .ARM.attributes
                0x00000176       0x32 hal/src/hal_atomic.o
 .ARM.attributes
                0x000001a8       0x32 hal/src/hal_dac_sync.o
 .ARM.attributes
                0x000001da       0x32 hal/src/hal_delay.o
 .ARM.attributes
                0x0000020c       0x32 hal/src/hal_ext_irq.o
 .ARM.attributes
                0x0000023e       0x32 hal/src/hal_flash.o
 .ARM.attributes
                0x00000270       0x32 hal/src/hal_io.o
 .ARM.attributes
                0x000002a2       0x32 hal/src/hal_pwm.o
 .ARM.attributes
                0x000002d4       0x32 hal/src/hal_sleep.o
 .ARM.attributes
                0x00000306       0x32 hal/src/hal_spi_m_sync.o
 .ARM.attributes
                0x00000338       0x32 hal/src/hal_timer.o
 .ARM.attributes
                0x0000036a       0x32 hal/utils/src/utils_list.o
 .ARM.attributes
                0x0000039c       0x32 hpl/adc/hpl_adc.o
 .ARM.attributes
                0x000003ce       0x32 hpl/core/hpl_core_m0plus_base.o
 .ARM.attributes
                0x00000400       0x32 hpl/core/hpl_init.o
 .ARM.attributes
                0x00000432       0x32 hpl/dac/hpl_dac.o
 .ARM.attributes
                0x00000464       0x32 hpl/eic/hpl_eic.o
 .ARM.attributes
                0x00000496       0x32 hpl/gclk/hpl_gclk.o
 .ARM.attributes
                0x000004c8       0x32 hpl/nvmctrl/hpl_nvmctrl.o
 .ARM.attributes
                0x000004fa       0x32 hpl/pm/hpl_pm.o
 .ARM.attributes
                0x0000052c       0x32 hpl/rtc/hpl_rtc.o
 .ARM.attributes
                0x0000055e       0x32 hpl/sercom/hpl_sercom.o
 .ARM.attributes
                0x00000590       0x32 hpl/sysctrl/hpl_sysctrl.o
 .ARM.attributes
                0x000005c2       0x32 hpl/systick/hpl_systick.o
 .ARM.attributes
                0x000005f4       0x32 hpl/tc/hpl_tc.o
 .ARM.attributes
                0x00000626       0x32 hpl/wdt/hpl_wdt.o
 .ARM.attributes
                0x00000658       0x32 main.o
 .ARM.attributes
                0x0000068a       0x32 motor.o
 .ARM.attributes
                0x000006bc       0x32 rtc.o
 .ARM.attributes
                0x000006ee       0x32 SPI.o
 .ARM.attributes
                0x00000720       0x1e c:/program files (x86)/atmel/studio/7.0/toolchain/arm/arm-gnu-toolchain/bin/../lib/gcc/arm-none-eabi/6.3.1/thumb/v6-m\libgcc.a(_udivsi3.o)
 .ARM.attributes
                0x0000073e       0x1e c:/program files (x86)/atmel/studio/7.0/toolchain/arm/arm-gnu-toolchain/bin/../lib/gcc/arm-none-eabi/6.3.1/thumb/v6-m\libgcc.a(_dvmd_tls.o)
 .ARM.attributes
                0x0000075c       0x2c c:/program files (x86)/atmel/studio/7.0/toolchain/arm/arm-gnu-toolchain/bin/../lib/gcc/arm-none-eabi/6.3.1/thumb/v6-m\libgcc.a(_ffssi2.o)
 .ARM.attributes
                0x00000788       0x1e c:/program files (x86)/atmel/studio/7.0/toolchain/arm/arm-gnu-toolchain/bin/../lib/gcc/arm-none-eabi/6.3.1/thumb/v6-m\libgcc.a(_ctzsi2.o)
 .ARM.attributes
                0x000007a6       0x2c c:/program files (x86)/atmel/studio/7.0/toolchain/arm/arm-gnu-toolchain/bin/../lib/gcc/arm-none-eabi/6.3.1/../../../../arm-none-eabi/lib/thumb/v6-m\libc_nano.a(lib_a-init.o)
 .ARM.attributes
                0x000007d2       0x2c c:/program files (x86)/atmel/studio/7.0/toolchain/arm/arm-gnu-toolchain/bin/../lib/gcc/arm-none-eabi/6.3.1/../../../../arm-none-eabi/lib/thumb/v6-m\libc_nano.a(lib_a-memset.o)
 .ARM.attributes
                0x000007fe       0x1e c:/program files (x86)/atmel/studio/7.0/toolchain/arm/arm-gnu-toolchain/bin/../lib/gcc/arm-none-eabi/6.3.1/thumb/v6-m/crtn.o

.comment        0x00000000       0x59
 .comment       0x00000000       0x59 atmel_start.o
                                 0x5a (size before relaxing)
 .comment       0x00000059       0x5a Buttons.o
 .comment       0x00000059       0x5a Device_Startup/startup_samd21.o
 .comment       0x00000059       0x5a driver_init.o
 .comment       0x00000059       0x5a FlashMCU.o
 .comment       0x00000059       0x5a hal/src/hal_adc_sync.o
 .comment       0x00000059       0x5a hal/src/hal_atomic.o
 .comment       0x00000059       0x5a hal/src/hal_dac_sync.o
 .comment       0x00000059       0x5a hal/src/hal_delay.o
 .comment       0x00000059       0x5a hal/src/hal_ext_irq.o
 .comment       0x00000059       0x5a hal/src/hal_flash.o
 .comment       0x00000059       0x5a hal/src/hal_io.o
 .comment       0x00000059       0x5a hal/src/hal_pwm.o
 .comment       0x00000059       0x5a hal/src/hal_sleep.o
 .comment       0x00000059       0x5a hal/src/hal_spi_m_sync.o
 .comment       0x00000059       0x5a hal/src/hal_timer.o
 .comment       0x00000059       0x5a hal/utils/src/utils_list.o
 .comment       0x00000059       0x5a hpl/adc/hpl_adc.o
 .comment       0x00000059       0x5a hpl/core/hpl_core_m0plus_base.o
 .comment       0x00000059       0x5a hpl/core/hpl_init.o
 .comment       0x00000059       0x5a hpl/dac/hpl_dac.o
 .comment       0x00000059       0x5a hpl/eic/hpl_eic.o
 .comment       0x00000059       0x5a hpl/gclk/hpl_gclk.o
 .comment       0x00000059       0x5a hpl/nvmctrl/hpl_nvmctrl.o
 .comment       0x00000059       0x5a hpl/pm/hpl_pm.o
 .comment       0x00000059       0x5a hpl/rtc/hpl_rtc.o
 .comment       0x00000059       0x5a hpl/sercom/hpl_sercom.o
 .comment       0x00000059       0x5a hpl/sysctrl/hpl_sysctrl.o
 .comment       0x00000059       0x5a hpl/systick/hpl_systick.o
 .comment       0x00000059       0x5a hpl/tc/hpl_tc.o
 .comment       0x00000059       0x5a hpl/wdt/hpl_wdt.o
 .comment       0x00000059       0x5a main.o
 .comment       0x00000059       0x5a motor.o
 .comment       0x00000059       0x5a rtc.o
 .comment       0x00000059       0x5a SPI.o

.debug_frame    0x00000000       0x94
 .debug_frame   0x00000000       0x20 c:/program files (x86)/atmel/studio/7.0/toolchain/arm/arm-gnu-toolchain/bin/../lib/gcc/arm-none-eabi/6.3.1/thumb/v6-m\libgcc.a(_udivsi3.o)
 .debug_frame   0x00000020       0x28 c:/program files (x86)/atmel/studio/7.0/toolchain/arm/arm-gnu-toolchain/bin/../lib/gcc/arm-none-eabi/6.3.1/thumb/v6-m\libgcc.a(_ffssi2.o)
 .debug_frame   0x00000048       0x2c c:/program files (x86)/atmel/studio/7.0/toolchain/arm/arm-gnu-toolchain/bin/../lib/gcc/arm-none-eabi/6.3.1/../../../../arm-none-eabi/lib/thumb/v6-m\libc_nano.a(lib_a-init.o)
 .debug_frame   0x00000074       0x20 c:/program files (x86)/atmel/studio/7.0/toolchain/arm/arm-gnu-toolchain/bin/../lib/gcc/arm-none-eabi/6.3.1/../../../../arm-none-eabi/lib/thumb/v6-m\libc_nano.a(lib_a-memset.o)
